OpenJDK 64-Bit Server VM (25.232-b10) for windows-amd64 JRE (1.8.0_232-b10), built on Feb 15 2020 11:05:55 by "Administrator" with MS VC++ 10.0 (VS2010)
Memory: 4k page, physical 16658532k(6971180k free), swap 32911460k(16149452k free)
CommandLine flags: -XX:-BytecodeVerificationLocal -XX:-BytecodeVerificationRemote -XX:InitialHeapSize=2147483648 -XX:+ManagementServer -XX:MaxHeapSize=2147483648 -XX:MaxNewSize=697933824 -XX:MaxTenuringThreshold=6 -XX:NewSize=697933824 -XX:OldPLABSize=16 -XX:OldSize=1395867648 -XX:+PrintGC -XX:+PrintGCDetails -XX:+PrintGCTimeStamps -XX:TieredStopAtLevel=1 -XX:+UseCompressedClassPointers -XX:+UseCompressedOops -XX:+UseConcMarkSweepGC -XX:-UseLargePagesIndividualAllocation -XX:+UseParNewGC 
4.148: [GC (CMS Initial Mark) [1 CMS-initial-mark: 0K(1415616K)] 479959K(2029056K), 0.0286224 secs] [Times: user=0.06 sys=0.00, real=0.03 secs] 
4.177: [CMS-concurrent-mark-start]
4.177: [CMS-concurrent-mark: 0.000/0.000 secs] [Times: user=0.00 sys=0.00, real=0.00 secs] 
4.177: [CMS-concurrent-preclean-start]
4.179: [CMS-concurrent-preclean: 0.002/0.002 secs] [Times: user=0.00 sys=0.00, real=0.00 secs] 
4.179: [CMS-concurrent-abortable-preclean-start]
4.532: [GC (Allocation Failure) 4.532: [ParNew: 545344K->23891K(613440K), 0.0207759 secs] 545344K->23891K(2029056K), 0.0208656 secs] [Times: user=0.01 sys=0.01, real=0.02 secs] 
5.924: [CMS-concurrent-abortable-preclean: 0.918/1.744 secs] [Times: user=2.67 sys=0.47, real=1.74 secs] 
5.924: [GC (CMS Final Remark) [YG occupancy: 306933 K (613440 K)]5.924: [Rescan (parallel) , 0.0703940 secs]5.995: [weak refs processing, 0.0002801 secs]5.995: [class unloading, 0.0029877 secs]5.998: [scrub symbol table, 0.0057595 secs]6.004: [scrub string table, 0.0003668 secs][1 CMS-remark: 0K(1415616K)] 306933K(2029056K), 0.0806421 secs] [Times: user=0.52 sys=0.00, real=0.08 secs] 
6.005: [CMS-concurrent-sweep-start]
6.005: [CMS-concurrent-sweep: 0.000/0.000 secs] [Times: user=0.00 sys=0.00, real=0.00 secs] 
6.005: [CMS-concurrent-reset-start]
6.012: [CMS-concurrent-reset: 0.007/0.007 secs] [Times: user=0.00 sys=0.00, real=0.01 secs] 
8.000: [GC (Allocation Failure) 8.000: [ParNew: 569235K->40025K(613440K), 0.0297935 secs] 569235K->40025K(2029056K), 0.0298617 secs] [Times: user=0.20 sys=0.00, real=0.03 secs] 
10.030: [GC (CMS Initial Mark) [1 CMS-initial-mark: 0K(1415616K)] 318942K(2029056K), 0.0298868 secs] [Times: user=0.17 sys=0.00, real=0.03 secs] 
10.060: [CMS-concurrent-mark-start]
10.061: [CMS-concurrent-mark: 0.000/0.000 secs] [Times: user=0.00 sys=0.00, real=0.00 secs] 
10.061: [CMS-concurrent-preclean-start]
10.063: [CMS-concurrent-preclean: 0.003/0.003 secs] [Times: user=0.00 sys=0.00, real=0.00 secs] 
10.063: [CMS-concurrent-abortable-preclean-start]
12.182: [GC (Allocation Failure) 12.182: [ParNew: 585369K->44434K(613440K), 0.0590342 secs] 585369K->55271K(2029056K), 0.0591003 secs] [Times: user=0.36 sys=0.02, real=0.06 secs] 
 CMS: abort preclean due to time 15.105: [CMS-concurrent-abortable-preclean: 3.945/5.041 secs] [Times: user=7.86 sys=0.91, real=5.04 secs] 
15.105: [GC (CMS Final Remark) [YG occupancy: 234822 K (613440 K)]15.105: [Rescan (parallel) , 0.0797205 secs]15.185: [weak refs processing, 0.0014508 secs]15.186: [class unloading, 0.0102681 secs]15.197: [scrub symbol table, 0.0233989 secs]15.220: [scrub string table, 0.0018030 secs][1 CMS-remark: 10837K(1415616K)] 245659K(2029056K), 0.1178287 secs] [Times: user=0.44 sys=0.05, real=0.12 secs] 
15.223: [CMS-concurrent-sweep-start]
15.230: [CMS-concurrent-sweep: 0.007/0.007 secs] [Times: user=0.00 sys=0.00, real=0.01 secs] 
15.230: [CMS-concurrent-reset-start]
15.233: [CMS-concurrent-reset: 0.003/0.003 secs] [Times: user=0.00 sys=0.00, real=0.00 secs] 
20.613: [GC (Allocation Failure) 20.613: [ParNew: 589778K->50977K(613440K), 0.0388240 secs] 600615K->72590K(2029056K), 0.0389149 secs] [Times: user=0.14 sys=0.00, real=0.04 secs] 
115.033: [GC (Allocation Failure) 115.033: [ParNew: 596321K->47515K(613440K), 0.0363394 secs] 617934K->85582K(2029056K), 0.0364570 secs] [Times: user=0.14 sys=0.00, real=0.04 secs] 
515.168: [GC (Allocation Failure) 515.168: [ParNew: 592859K->34241K(613440K), 0.0162584 secs] 630926K->72308K(2029056K), 0.0163794 secs] [Times: user=0.13 sys=0.00, real=0.02 secs] 
924.778: [GC (Allocation Failure) 924.778: [ParNew: 579585K->36059K(613440K), 0.0160027 secs] 617652K->74127K(2029056K), 0.0161074 secs] [Times: user=0.09 sys=0.02, real=0.02 secs] 
1344.693: [GC (Allocation Failure) 1344.693: [ParNew: 581403K->35726K(613440K), 0.0150087 secs] 619471K->73793K(2029056K), 0.0151841 secs] [Times: user=0.13 sys=0.00, real=0.02 secs] 
1765.533: [GC (Allocation Failure) 1765.533: [ParNew: 581070K->35685K(613440K), 0.0153738 secs] 619137K->73752K(2029056K), 0.0154870 secs] [Times: user=0.00 sys=0.00, real=0.02 secs] 
2187.082: [GC (Allocation Failure) 2187.082: [ParNew: 581029K->26771K(613440K), 0.0234297 secs] 619096K->78403K(2029056K), 0.0235392 secs] [Times: user=0.11 sys=0.01, real=0.02 secs] 
2609.582: [GC (Allocation Failure) 2609.582: [ParNew: 572115K->8569K(613440K), 0.0149933 secs] 623747K->69765K(2029056K), 0.0150881 secs] [Times: user=0.02 sys=0.00, real=0.02 secs] 
3033.108: [GC (Allocation Failure) 3033.108: [ParNew: 553913K->2338K(613440K), 0.0043647 secs] 615109K->63565K(2029056K), 0.0045098 secs] [Times: user=0.02 sys=0.00, real=0.01 secs] 
3460.759: [GC (Allocation Failure) 3460.759: [ParNew: 547682K->1332K(613440K), 0.0051775 secs] 608909K->62575K(2029056K), 0.0052959 secs] [Times: user=0.00 sys=0.00, real=0.01 secs] 
